nohup: ignoring input
/net/home/wsag/ir1101/miniconda3/lib/python3.13/site-packages/pyproj/network.py:59: UserWarning: pyproj unable to set PROJ database path.
  _set_context_ca_bundle_path(ca_bundle_path)
2026-07-31 08:44:06,845 INFO historical: found 18 model run(s): ['ACCESS-CM2', 'ACCESS-ESM1-5', 'BCC-CSM2-MR', 'CanESM5', 'EC-Earth3', 'EC-Earth3-Veg', 'GFDL-CM4', 'GFDL-ESM4', 'INM-CM4-8', 'INM-CM5-0', 'IPSL-CM6A-LR', 'KACE-1-0-G', 'MIROC6', 'MPI-ESM1-2-HR', 'MPI-ESM1-2-LR', 'MRI-ESM2-0', 'NorESM2-LM', 'NorESM2-MM']
2026-07-31 08:44:06,846 INFO   Building water_year climatology (historical) ...
2026-07-31 08:44:06,995 INFO     [cache hit] ACCESS-CM2_historical_1980-2014_newprcp__precip-snowFall__merged.nc
2026-07-31 08:44:07,081 INFO     [cache hit] ACCESS-CM2_historical_1980-2014_newprcp__snowFall__wateryear_sum.nc
2026-07-31 08:44:07,188 INFO     [cache hit] ACCESS-CM2_historical_1980-2014_newprcp__precip-snowFall__merged.nc
2026-07-31 08:44:07,272 INFO     [cache hit] ACCESS-CM2_historical_1980-2014_newprcp__precip__wateryear_sum.nc
2026-07-31 08:44:09,363 INFO     reducing wbm_1980.nc (1/35) ...
2026-07-31 08:44:16,110 INFO     reducing wbm_1981.nc (2/35) ...
2026-07-31 08:44:22,484 INFO     reducing wbm_1982.nc (3/35) ...
2026-07-31 08:44:29,427 INFO     reducing wbm_1983.nc (4/35) ...
2026-07-31 08:44:36,037 INFO     reducing wbm_1984.nc (5/35) ...
2026-07-31 08:44:42,798 INFO     reducing wbm_1985.nc (6/35) ...
2026-07-31 08:44:49,337 INFO     reducing wbm_1986.nc (7/35) ...
2026-07-31 08:44:55,537 INFO     reducing wbm_1987.nc (8/35) ...
2026-07-31 08:45:01,668 INFO     reducing wbm_1988.nc (9/35) ...
2026-07-31 08:45:06,779 INFO     reducing wbm_1989.nc (10/35) ...
2026-07-31 08:45:11,520 INFO     reducing wbm_1990.nc (11/35) ...
2026-07-31 08:45:16,346 INFO     reducing wbm_1991.nc (12/35) ...
2026-07-31 08:45:21,327 INFO     reducing wbm_1992.nc (13/35) ...
2026-07-31 08:46:40,178 INFO     reducing wbm_1993.nc (14/35) ...
2026-07-31 08:47:56,376 INFO     reducing wbm_1994.nc (15/35) ...
2026-07-31 08:49:15,247 INFO     reducing wbm_1995.nc (16/35) ...
2026-07-31 08:50:33,819 INFO     reducing wbm_1996.nc (17/35) ...
2026-07-31 08:51:51,472 INFO     reducing wbm_1997.nc (18/35) ...
2026-07-31 08:53:09,619 INFO     reducing wbm_1998.nc (19/35) ...
2026-07-31 08:54:28,842 INFO     reducing wbm_1999.nc (20/35) ...
2026-07-31 08:55:49,649 INFO     reducing wbm_2000.nc (21/35) ...
2026-07-31 08:57:05,946 INFO     reducing wbm_2001.nc (22/35) ...
2026-07-31 08:58:22,911 INFO     reducing wbm_2002.nc (23/35) ...
2026-07-31 08:59:40,899 INFO     reducing wbm_2003.nc (24/35) ...
2026-07-31 09:00:59,586 INFO     reducing wbm_2004.nc (25/35) ...
2026-07-31 09:02:19,065 INFO     reducing wbm_2005.nc (26/35) ...
2026-07-31 09:03:36,529 INFO     reducing wbm_2006.nc (27/35) ...
2026-07-31 09:04:49,795 INFO     reducing wbm_2007.nc (28/35) ...
2026-07-31 09:05:29,373 INFO     reducing wbm_2008.nc (29/35) ...
2026-07-31 09:06:10,065 INFO     reducing wbm_2009.nc (30/35) ...
2026-07-31 09:06:48,424 INFO     reducing wbm_2010.nc (31/35) ...
2026-07-31 09:07:25,296 INFO     reducing wbm_2011.nc (32/35) ...
2026-07-31 09:08:04,802 INFO     reducing wbm_2012.nc (33/35) ...
2026-07-31 09:08:38,385 INFO     reducing wbm_2013.nc (34/35) ...
2026-07-31 09:09:16,686 INFO     reducing wbm_2014.nc (35/35) ...
2026-07-31 09:09:56,478 INFO     merging 35 reduced yearly files -> ACCESS-ESM1-5_historical_1980-2014_newprcp__precip-snowFall__merged.nc ...
2026-07-31 09:13:08,508 INFO     [cache hit] ACCESS-ESM1-5_historical_1980-2014_newprcp__precip-snowFall__merged.nc
2026-07-31 09:14:23,325 INFO     reducing wbm_1980.nc (1/35) ...
2026-07-31 09:15:56,791 INFO     reducing wbm_1981.nc (2/35) ...
2026-07-31 09:17:26,811 INFO     reducing wbm_1982.nc (3/35) ...
2026-07-31 09:19:04,460 INFO     reducing wbm_1983.nc (4/35) ...
2026-07-31 09:20:43,477 INFO     reducing wbm_1984.nc (5/35) ...
2026-07-31 09:22:28,317 INFO     reducing wbm_1985.nc (6/35) ...
2026-07-31 09:24:33,209 INFO     reducing wbm_1986.nc (7/35) ...
2026-07-31 09:25:55,910 INFO     reducing wbm_1987.nc (8/35) ...
2026-07-31 09:27:31,862 INFO     reducing wbm_1988.nc (9/35) ...
2026-07-31 09:28:16,833 INFO     reducing wbm_1989.nc (10/35) ...
2026-07-31 09:29:02,865 INFO     reducing wbm_1990.nc (11/35) ...
2026-07-31 09:29:46,221 INFO     reducing wbm_1991.nc (12/35) ...
2026-07-31 09:30:24,997 INFO     reducing wbm_1992.nc (13/35) ...
2026-07-31 09:31:11,265 INFO     reducing wbm_1993.nc (14/35) ...
2026-07-31 09:31:41,011 INFO     reducing wbm_1994.nc (15/35) ...
2026-07-31 09:32:23,456 INFO     reducing wbm_1995.nc (16/35) ...
2026-07-31 09:33:53,964 INFO     reducing wbm_1996.nc (17/35) ...
2026-07-31 09:35:34,899 INFO     reducing wbm_1997.nc (18/35) ...
2026-07-31 09:37:06,267 INFO     reducing wbm_1998.nc (19/35) ...
2026-07-31 09:38:41,660 INFO     reducing wbm_1999.nc (20/35) ...
2026-07-31 09:40:07,018 INFO     reducing wbm_2000.nc (21/35) ...
2026-07-31 09:41:46,003 INFO     reducing wbm_2001.nc (22/35) ...
2026-07-31 09:43:10,000 INFO     reducing wbm_2002.nc (23/35) ...
2026-07-31 09:44:45,745 INFO     reducing wbm_2003.nc (24/35) ...
2026-07-31 09:46:30,293 INFO     reducing wbm_2004.nc (25/35) ...
2026-07-31 09:48:16,161 INFO     reducing wbm_2005.nc (26/35) ...
2026-07-31 09:49:53,067 INFO     reducing wbm_2006.nc (27/35) ...
2026-07-31 09:51:25,018 INFO     reducing wbm_2007.nc (28/35) ...
2026-07-31 09:53:00,767 INFO     reducing wbm_2008.nc (29/35) ...
